mktextfm lass1095
mktextfm lass0600
mktextfm lass1440
mktextfm lass0800
mktextfm lass0500
mktextfm lasi1095
mktextfm lasx1095
mktextfm lass1000
mktextfm lass0700
mktextfm larm1095
mktextfm larm0800
mktextfm larm0600
mktextfm latt1095
mktextfm lass1095
mktextfm lass0600
mktextfm lass1095
mktextfm lass0600
mktextfm lass1440
mktextfm lass0800
mktextfm lass0500
mktextfm lasi1095
mktextfm lasx1095
mktextfm lass1000
mktextfm lass0700
mktextfm larm1095
mktextfm larm0800
mktextfm larm0600
mktextfm latt1095
mktextfm lass1095
mktextfm lass0600
mktextfm lass1440
mktextfm lass0800
mktextfm lass0500
mktextfm lasi1095
mktextfm lasx1095
mktextfm lass1000
mktextfm lass0700
mktextfm larm1095
mktextfm larm0800
mktextfm larm0600
mktextfm latt1095
mktextfm lass1095
mktextfm lass0600
mktextfm lass1440
mktextfm lass0800
mktextfm lass0500
mktextfm lasi1095
mktextfm lasx1095
mktextfm lass1000
mktextfm lass0700
mktextfm larm1095
mktextfm larm0800
mktextfm larm0600
mktextfm latt1095
